lcd.c:54:6:LCD_enable	8	static
lcd.c:65:6:LCD_command	16	static
lcd.c:33:6:LCD_goto	8	static
lcd.c:93:6:LCD_data	16	static
lcd.c:26:6:LCD_string	8	static
lcd.c:10:6:LCD1_test	8	static
lcd.c:121:6:LCD_init	8	static
lcd.c:143:6:LCD_init_customcurzor	16	static
lcd.c:273:6:LCD2_enable2	8	static
lcd.c:190:6:LCD2_command2	16	static
lcd.c:252:6:LCD2_goto2	8	static
lcd.c:168:6:LCD2_init_customcurzor2	16	static
lcd.c:217:6:LCD2_data2	16	static
lcd.c:245:6:LCD2_string2	8	static
lcd.c:18:6:LCD2_test	8	static
