stm32f7xx_hal_msp.c:87:6:HAL_MspInit	8	static
stm32f7xx_hal_msp.c:109:6:HAL_ADC_MspInit	56	static
stm32f7xx_hal_msp.c:183:6:HAL_ADC_MspDeInit	8	static
stm32f7xx_hal_msp.c:230:6:HAL_I2C_MspInit	48	static
stm32f7xx_hal_msp.c:292:6:HAL_I2C_MspDeInit	0	static
stm32f7xx_hal_msp.c:340:6:HAL_TIM_IC_MspInit	40	static
stm32f7xx_hal_msp.c:381:6:HAL_TIM_Base_MspInit	32	static
stm32f7xx_hal_msp.c:454:6:HAL_TIM_MspPostInit	32	static
stm32f7xx_hal_msp.c:488:6:HAL_TIM_IC_MspDeInit	8	static
stm32f7xx_hal_msp.c:528:6:HAL_TIM_Base_MspDeInit	0	static
stm32f7xx_hal_msp.c:614:6:HAL_UART_MspInit	40	static
stm32f7xx_hal_msp.c:652:6:HAL_UART_MspDeInit	0	static
