stm32f7xx_it.c:90:6:NMI_Handler	0	static
stm32f7xx_it.c:103:6:HardFault_Handler	0	static
stm32f7xx_it.c:118:6:MemManage_Handler	0	static
stm32f7xx_it.c:133:6:BusFault_Handler	0	static
stm32f7xx_it.c:148:6:UsageFault_Handler	0	static
stm32f7xx_it.c:163:6:SVC_Handler	0	static
stm32f7xx_it.c:176:6:DebugMon_Handler	0	static
stm32f7xx_it.c:189:6:PendSV_Handler	0	static
stm32f7xx_it.c:202:6:SysTick_Handler	0	static
stm32f7xx_it.c:223:6:TIM1_UP_TIM10_IRQHandler	8	static
stm32f7xx_it.c:238:6:TIM1_CC_IRQHandler	0	static
stm32f7xx_it.c:252:6:TIM2_IRQHandler	0	static
stm32f7xx_it.c:266:6:EXTI15_10_IRQHandler	0	static
stm32f7xx_it.c:280:6:TIM6_DAC_IRQHandler	0	static
stm32f7xx_it.c:294:6:TIM7_IRQHandler	0	static
stm32f7xx_it.c:308:6:DMA2_Stream1_IRQHandler	0	static
